SANITIZED PUBLIC COPY; original SHA256 9bf7abf2fd7da5842e86150b423d76fdf297df433a88cc06b908729c0d108f62
Environment directory and process identifiers removed; engine warnings, errors, capture hashes and measurements retained.
OWNED_GODOT_GUARD {"event": "baseline", "elapsed_s": 0.0001, "utc_epoch": 1791350987.6680398, "cgroup_current": 2140278784, "physical_cgroup_limit": 8589934592, "effective_budget": 8589934592, "additional_budget": 1073741824, "stop_threshold": 3214020608, "reserve_bytes": 536870912, "timeout_s": 120.0, "executable": "Godot_v4.6.3-stable_linux.x86_64"}
OWNED_GODOT_GUARD {"event": "owned_launched", "elapsed_s": 0.0007, "utc_epoch": 1791350987.6687076}
Godot Engine v4.6.3.stable.official.7d41c59c4 - https://godotengine.org
WARNING: Could not set V-Sync mode, as changing V-Sync mode is not supported by the graphics driver.
     at: set_use_vsync (platform/linuxbsd/x11/gl_manager_x11.cpp:364)
OpenGL API 4.5 (Core Profile) Mesa 25.0.7-2+deb13u1 - Compatibility - Using Device: Mesa - llvmpipe (LLVM 19.1.7, 256 bits)

SHADOW_CAPTURE A_tabs 727b775bae3c8c18733c875f9de28f9dd76e9c8f19c6480614d275a43fa7d579
SHADOW_CAPTURE B_uncut 47fd9d78692d2a84e885b47c50c2e6f048448998c4ec137026f14e014f6d3be3
SHADOW_CAPTURE B_clipped 6e3fec895c899aac6d04a7b1555173a1d1c1a7ffc1d2ebb4bd80a13053e0a6f5
SHADOW_CAPTURE B_raw_attenuation a7664bdbb1a10b884c34fdfced3f5a91e429bf19a76894e635fd9a94c660d0d1
SHADOW_CAPTURE B_form_only 59e30ecbc170bfbf3b764c8d412a25c675b52a4da6dbcbd19f08db61649c8cd6
SHADOW_CAPTURE B_depth_route_identity 6e3fec895c899aac6d04a7b1555173a1d1c1a7ffc1d2ebb4bd80a13053e0a6f5
SHADOW_CAPTURE B_depth_route_far_probe 4a42908f0ae184694df6a469a8e399f55617876e95f2d17fec6de3965bec3a34
SHADOW_CAPTURE B_hidden_mountain_proxy 4a42908f0ae184694df6a469a8e399f55617876e95f2d17fec6de3965bec3a34
SHADOW_CAPTURE C_slope_depth 5f8f7ea967e8af9dedb8e0e5441377c7c5321ce55ccc88b1f88166447a822119
SHADOW_CAPTURE C_raw_attenuation 2cdccb9ce21ab1ac0371ea1b82f1d46989bc20daa04c93dfee35952d3c350b48
SHADOW_CAPTURE C_form_only 59e30ecbc170bfbf3b764c8d412a25c675b52a4da6dbcbd19f08db61649c8cd6
SHADOW_CAPTURE C_masks_form_cast_max b2717ba370577fc478ab21d041bb6c4d55969c7f0d90be536ba49fa3dda58404
SHADOW_CAPTURE B_depth_route_restored 6e3fec895c899aac6d04a7b1555173a1d1c1a7ffc1d2ebb4bd80a13053e0a6f5
SHADOW_CAPTURE B_masks_form_cast_max 434a76829b2b63749dc7aca33e2b073896ff0c55e3d6ec228793f1a8a42cd9e6
SHADOW_CAPTURE B_no_cast fa049e64e9effa3b8a123084b70000b243e1c4d9fd05b879489d5d8b77bd025d
SHADOW_CAPTURE B_receiver_normal_control 4287dca40e17448f7564472c74ac22d6ceb83ad5c557bb92996d5feae634c4de
SHADOW_CAPTURE A_restored 727b775bae3c8c18733c875f9de28f9dd76e9c8f19c6480614d275a43fa7d579
SHADOW_LOCAL_PASS {"camera":{"basis":"[X: (1.0, 0.0, 0.0), Y: (0.0, 0.730121, -0.683318), Z: (0.0, 0.683318, 0.730121)]","far":22.0,"near":0.200000002980232,"position":"(5.6, 8.1, 28.2)","projection":"orthographic","size":7.30000019073486,"viewport":[1280,960]},"candidate_changes_real_cast":true,"canopy_instances":47,"captures":{"A_restored":"727b775bae3c8c18733c875f9de28f9dd76e9c8f19c6480614d275a43fa7d579","A_tabs":"727b775bae3c8c18733c875f9de28f9dd76e9c8f19c6480614d275a43fa7d579","B_clipped":"6e3fec895c899aac6d04a7b1555173a1d1c1a7ffc1d2ebb4bd80a13053e0a6f5","B_depth_route_far_probe":"4a42908f0ae184694df6a469a8e399f55617876e95f2d17fec6de3965bec3a34","B_depth_route_identity":"6e3fec895c899aac6d04a7b1555173a1d1c1a7ffc1d2ebb4bd80a13053e0a6f5","B_depth_route_restored":"6e3fec895c899aac6d04a7b1555173a1d1c1a7ffc1d2ebb4bd80a13053e0a6f5","B_form_only":"59e30ecbc170bfbf3b764c8d412a25c675b52a4da6dbcbd19f08db61649c8cd6","B_hidden_mountain_proxy":"4a42908f0ae184694df6a469a8e399f55617876e95f2d17fec6de3965bec3a34","B_masks_form_cast_max":"434a76829b2b63749dc7aca33e2b073896ff0c55e3d6ec228793f1a8a42cd9e6","B_no_cast":"fa049e64e9effa3b8a123084b70000b243e1c4d9fd05b879489d5d8b77bd025d","B_raw_attenuation":"a7664bdbb1a10b884c34fdfced3f5a91e429bf19a76894e635fd9a94c660d0d1","B_receiver_normal_control":"4287dca40e17448f7564472c74ac22d6ceb83ad5c557bb92996d5feae634c4de","B_uncut":"47fd9d78692d2a84e885b47c50c2e6f048448998c4ec137026f14e014f6d3be3","C_form_only":"59e30ecbc170bfbf3b764c8d412a25c675b52a4da6dbcbd19f08db61649c8cd6","C_masks_form_cast_max":"b2717ba370577fc478ab21d041bb6c4d55969c7f0d90be536ba49fa3dda58404","C_raw_attenuation":"2cdccb9ce21ab1ac0371ea1b82f1d46989bc20daa04c93dfee35952d3c350b48","C_slope_depth":"5f8f7ea967e8af9dedb8e0e5441377c7c5321ce55ccc88b1f88166447a822119"},"cast_changes_real_render":true,"caster_toggle_reversible":true,"custom_shadow_depth_route_proven":true,"depth_identity_matches_default":true,"device":"llvmpipe (LLVM 19.1.7, 256 bits)","form_mask_unchanged":true,"geometry_after":"8d818e9baf0366fdf334ab8e53a4e8503820b8b13e25c9b664e6fed962dff813","geometry_before":"8d818e9baf0366fdf334ab8e53a4e8503820b8b13e25c9b664e6fed962dff813","geometry_during":"8d818e9baf0366fdf334ab8e53a4e8503820b8b13e25c9b664e6fed962dff813","geometry_pose_camera_unchanged":true,"material_identity_restored":true,"pixel_exact_A_restore":true,"proxy":{"all_retained_original_vertices_unchanged":true,"closed_volume_claimed":false,"contact_edges":244,"crossed_triangles":244,"cut_u":0.025,"exact_terrain_conformity_claimed":false,"fully_removed":99,"high_peak_and_retained_crop_endpoints_unchanged":true,"max_sampled_contact_edge_gap_world":0.00421453835883434,"missing_high_u_vertices":0,"missing_retained_vertices":0,"new_contact_vertices":488,"proxy_triangles":475,"retained_original_vertex_occurrences":830,"source_triangles":520,"verified_high_u_vertex_occurrences":750},"proxy_changes_real_render":true,"renderer":"gl_compatibility","scope":"Independent slope-depth candidate; actual visual acceptance requires pixel analysis","unknown_shader_atomic_rejection":true}
OWNED_GODOT_GUARD {"event": "exited", "elapsed_s": 20.725, "utc_epoch": 1791351008.39292, "child_exit": 0, "cgroup_current": 2156597248}
