warning: unable to access 'coordination/local-work/results/WP-NATURAL-SAVE-BOOL-20261008-001/attempt-001/evidence/runs/natural-coastal-01/data/appdata/Godot/.gitattributes': Filename too long
warning: unable to access 'coordination/local-work/results/WP-NATURAL-SAVE-BOOL-20261008-001/attempt-001/evidence/runs/natural-coastal-01/data/appdata/Godot/app_userdata/.gitattributes': Filename too long
warning: unable to access 'coordination/local-work/results/WP-NATURAL-SAVE-BOOL-20261008-001/attempt-001/evidence/runs/natural-coastal-01/data/appdata/Godot/app_userdata/雾岸纪事 · AI 沙盘/.gitattributes': Filename too long
warning: unable to access 'coordination/local-work/results/WP-NATURAL-SAVE-BOOL-20261008-001/attempt-001/evidence/runs/natural-coastal-01/data/appdata/Godot/app_userdata/雾岸纪事 · AI 沙盘/logs/.gitattributes': Filename too long
warning: unable to access 'coordination/local-work/results/WP-NATURAL-SAVE-BOOL-20261008-001/attempt-001/evidence/runs/natural-compile-01/data/appdata/Godot/.gitattributes': Filename too long
warning: unable to access 'coordination/local-work/results/WP-NATURAL-SAVE-BOOL-20261008-001/attempt-001/evidence/runs/natural-compile-01/data/appdata/Godot/app_userdata/.gitattributes': Filename too long
warning: unable to access 'coordination/local-work/results/WP-NATURAL-SAVE-BOOL-20261008-001/attempt-001/evidence/runs/natural-compile-01/data/appdata/Godot/app_userdata/雾岸纪事 · AI 沙盘/.gitattributes': Filename too long
warning: unable to access 'coordination/local-work/results/WP-NATURAL-SAVE-BOOL-20261008-001/attempt-001/evidence/runs/natural-compile-01/data/appdata/Godot/app_userdata/雾岸纪事 · AI 沙盘/logs/.gitattributes': Filename too long
warning: unable to access 'coordination/local-work/results/WP-NATURAL-SAVE-BOOL-20261008-001/attempt-001/evidence/runs/natural-focused-01/data/appdata/Godot/.gitattributes': Filename too long
warning: unable to access 'coordination/local-work/results/WP-NATURAL-SAVE-BOOL-20261008-001/attempt-001/evidence/runs/natural-focused-01/data/appdata/Godot/app_userdata/.gitattributes': Filename too long
warning: unable to access 'coordination/local-work/results/WP-NATURAL-SAVE-BOOL-20261008-001/attempt-001/evidence/runs/natural-focused-01/data/appdata/Godot/app_userdata/雾岸纪事 · AI 沙盘/.gitattributes': Filename too long
warning: unable to access 'coordination/local-work/results/WP-NATURAL-SAVE-BOOL-20261008-001/attempt-001/evidence/runs/natural-focused-01/data/appdata/Godot/app_userdata/雾岸纪事 · AI 沙盘/logs/.gitattributes': Filename too long
warning: unable to access 'coordination/local-work/results/WP-NATURAL-SAVE-BOOL-20261008-001/attempt-001/evidence/runs/natural-focused-01/failed_source/.gitattributes': Filename too long
warning: unable to access 'coordination/local-work/results/WP-NATURAL-SAVE-BOOL-20261008-001/attempt-001/evidence/runs/natural-focused-02/data/appdata/Godot/.gitattributes': Filename too long
warning: unable to access 'coordination/local-work/results/WP-NATURAL-SAVE-BOOL-20261008-001/attempt-001/evidence/runs/natural-focused-02/data/appdata/Godot/app_userdata/.gitattributes': Filename too long
warning: unable to access 'coordination/local-work/results/WP-NATURAL-SAVE-BOOL-20261008-001/attempt-001/evidence/runs/natural-focused-02/data/appdata/Godot/app_userdata/雾岸纪事 · AI 沙盘/.gitattributes': Filename too long
warning: unable to access 'coordination/local-work/results/WP-NATURAL-SAVE-BOOL-20261008-001/attempt-001/evidence/runs/natural-focused-02/data/appdata/Godot/app_userdata/雾岸纪事 · AI 沙盘/logs/.gitattributes': Filename too long
warning: unable to access 'coordination/local-work/results/WP-NATURAL-SAVE-BOOL-20261008-001/attempt-001/evidence/runs/natural-plateau-01/data/appdata/Godot/.gitattributes': Filename too long
warning: unable to access 'coordination/local-work/results/WP-NATURAL-SAVE-BOOL-20261008-001/attempt-001/evidence/runs/natural-plateau-01/data/appdata/Godot/app_userdata/.gitattributes': Filename too long
warning: unable to access 'coordination/local-work/results/WP-NATURAL-SAVE-BOOL-20261008-001/attempt-001/evidence/runs/natural-plateau-01/data/appdata/Godot/app_userdata/雾岸纪事 · AI 沙盘/.gitattributes': Filename too long
warning: unable to access 'coordination/local-work/results/WP-NATURAL-SAVE-BOOL-20261008-001/attempt-001/evidence/runs/natural-plateau-01/data/appdata/Godot/app_userdata/雾岸纪事 · AI 沙盘/logs/.gitattributes': Filename too long
