SANITIZED PUBLIC COPY; original SHA256 dd53c330fd164ab8c3d58170d8b37aa63fc08149b9bcd3ec5633668e2a122900
Environment directory and process identifiers removed; engine warnings, errors, capture hashes and measurements retained.
OWNED_GODOT_GUARD {"event": "baseline", "elapsed_s": 0.0001, "utc_epoch": 1791350700.2784977, "cgroup_current": 2116595712, "physical_cgroup_limit": 8589934592, "effective_budget": 8589934592, "additional_budget": 1073741824, "stop_threshold": 3190337536, "reserve_bytes": 536870912, "timeout_s": 120.0, "executable": "Godot_v4.6.3-stable_linux.x86_64"}
OWNED_GODOT_GUARD {"event": "owned_launched", "elapsed_s": 0.001, "utc_epoch": 1791350700.2794306}
Godot Engine v4.6.3.stable.official.7d41c59c4 - https://godotengine.org
WARNING: Could not set V-Sync mode, as changing V-Sync mode is not supported by the graphics driver.
     at: set_use_vsync (platform/linuxbsd/x11/gl_manager_x11.cpp:364)
OpenGL API 4.5 (Core Profile) Mesa 25.0.7-2+deb13u1 - Compatibility - Using Device: Mesa - llvmpipe (LLVM 19.1.7, 256 bits)

ERROR: Unexpected capture viewport (1180, 812)
   at: push_error (core/variant/variant_utility.cpp:1024)
   GDScript backtrace (most recent call first):
       [0] fail (res://tests/capture_slope.gd:15)
       [1] capture (res://tests/capture_slope.gd:45)
ERROR: 7 shaders of type SceneShaderGLES3 were never freed
   at: ~ShaderGLES3 (drivers/gles3/shader_gles3.cpp:836)
ERROR: Texture with GL ID of 23: leaked 19493564 bytes.
   at: ~Utilities (drivers/gles3/storage/utilities.cpp:77)
ERROR: Texture with GL ID of 24: leaked 12582910 bytes.
   at: ~Utilities (drivers/gles3/storage/utilities.cpp:77)
ERROR: Buffer with GL ID of 31: leaked 31200 bytes.
   at: ~Utilities (drivers/gles3/storage/utilities.cpp:108)
ERROR: Buffer with GL ID of 32: leaked 6240 bytes.
   at: ~Utilities (drivers/gles3/storage/utilities.cpp:108)
ERROR: Buffer with GL ID of 39: leaked 17100 bytes.
   at: ~Utilities (drivers/gles3/storage/utilities.cpp:108)
WARNING: ObjectDB instances leaked at exit (run with --verbose for details).
   at: cleanup (core/object/object.cpp:2663)
ERROR: 8 resources still in use at exit (run with --verbose for details).
   at: clear (core/io/resource.cpp:810)
ERROR: 1 RID allocations of type 'N26RendererEnvironmentStorage11EnvironmentE' were leaked at exit.
ERROR: 2 RID allocations of type 'N5GLES34MeshE' were leaked at exit.
ERROR: 9 RID allocations of type 'N5GLES38MaterialE' were leaked at exit.
ERROR: 7 RID allocations of type 'N5GLES36ShaderE' were leaked at exit.
ERROR: 2 RID allocations of type 'N5GLES37TextureE' were leaked at exit.
ERROR: Pages in use exist at exit in PagedAllocator: N7Variant5Pools12BucketMediumE
   at: ~PagedAllocator (./core/templates/paged_allocator.h:169)
OWNED_GODOT_GUARD {"event": "exited", "elapsed_s": 9.1228, "utc_epoch": 1791350709.4011953, "child_exit": 1, "cgroup_current": 2131316736}
