{
  "status": "PASSED_STATIC_ONLY_NOT_GODOT_PARSE",
  "count": 20,
  "checks": [
    {
      "name": "exact source view/playable_build/player_details.gd",
      "passed": true
    },
    {
      "name": "exact source main.gd",
      "passed": true
    },
    {
      "name": "exact source core/focus_contract.gd",
      "passed": true
    },
    {
      "name": "exact source core/ai_gm_rebuilt/model_view.gd",
      "passed": true
    },
    {
      "name": "exact source view/actor_status_profile_v1/source.gd",
      "passed": true
    },
    {
      "name": "exact source view/actor_action_profile_v2/source.gd",
      "passed": true
    },
    {
      "name": "exact source view/actor_status_entry_v1/view_adapter.gd",
      "passed": true
    },
    {
      "name": "exact source view/actor_status_profile_v1/projection.gd",
      "passed": true
    },
    {
      "name": "one changed UI file",
      "passed": true
    },
    {
      "name": "overlay exact bytes/SHA",
      "passed": true
    },
    {
      "name": "UTF8/LF overlay",
      "passed": true
    },
    {
      "name": "only three-line snapshot display insertion; all other code byte-exact",
      "passed": true
    },
    {
      "name": "static focus existing location/early return unchanged",
      "passed": true
    },
    {
      "name": "passage skips sole generic coordinates; dedicated support description byte-exact",
      "passed": true
    },
    {
      "name": "original ID/hex binding already provided",
      "passed": true
    },
    {
      "name": "original public projection already retains frozen hex",
      "passed": true
    },
    {
      "name": "UI file outside authority hash dependencies view/actor_action_profile_v2/source.gd",
      "passed": true
    },
    {
      "name": "UI file outside authority hash dependencies view/actor_status_profile_v1/source.gd",
      "passed": true
    },
    {
      "name": "actual patch replay equals overlay",
      "passed": true
    },
    {
      "name": "patch touches only allowed file",
      "passed": true
    }
  ],
  "overlay_sha256": "28ef19c291e3a9d7a0468dcb21024e155cbb91c9c625e3078e56513c7daeaba5",
  "godot_parses": 0,
  "runtime_runs": 0
}
